Copyright 1986-2021 Xilinx, Inc. All Rights Reserved.
------------------------------------------------------------------------------------
| Tool Version : Vivado v.2021.1 (win64) Build 3247384 Thu Jun 10 19:36:33 MDT 2021
| Date         : Wed Oct 27 10:17:14 2021
| Host         : DESKTOP-7MUVEUF running 64-bit major release  (build 9200)
| Command      : report_control_sets -verbose -file main_control_sets_placed.rpt
| Design       : main
| Device       : xc7a100t
------------------------------------------------------------------------------------

Control Set Information

Table of Contents
-----------------
1. Summary
2. Histogram
3. Flip-Flop Distribution
4. Detailed Control Set Information

1. Summary
----------

+----------------------------------------------------------+-------+
|                          Status                          | Count |
+----------------------------------------------------------+-------+
| Total control sets                                       |    15 |
|    Minimum number of control sets                        |    15 |
|    Addition due to synthesis replication                 |     0 |
|    Addition due to physical synthesis replication        |     0 |
| Unused register locations in slices containing registers |    53 |
+----------------------------------------------------------+-------+
* Control sets can be merged at opt_design using control_set_merge or merge_equivalent_drivers
** Run report_qor_suggestions for automated merging and remapping suggestions


2. Histogram
------------

+--------------------+-------+
|       Fanout       | Count |
+--------------------+-------+
| Total control sets |    15 |
| >= 0 to < 4        |     0 |
| >= 4 to < 6        |     3 |
| >= 6 to < 8        |     3 |
| >= 8 to < 10       |     1 |
| >= 10 to < 12      |     0 |
| >= 12 to < 14      |     0 |
| >= 14 to < 16      |     0 |
| >= 16              |     8 |
+--------------------+-------+
* Control sets can be remapped at either synth_design or opt_design


3. Flip-Flop Distribution
-------------------------

+--------------+-----------------------+------------------------+-----------------+--------------+
| Clock Enable | Synchronous Set/Reset | Asynchronous Set/Reset | Total Registers | Total Slices |
+--------------+-----------------------+------------------------+-----------------+--------------+
| No           | No                    | No                     |               4 |            4 |
| No           | No                    | Yes                    |               0 |            0 |
| No           | Yes                   | No                     |             187 |           57 |
| Yes          | No                    | No                     |               0 |            0 |
| Yes          | No                    | Yes                    |               0 |            0 |
| Yes          | Yes                   | No                     |              36 |           13 |
+--------------+-----------------------+------------------------+-----------------+--------------+


4. Detailed Control Set Information
-----------------------------------

+----------------+--------------------------------------+------------------------------------------------+------------------+----------------+--------------+
|  Clock Signal  |             Enable Signal            |                Set/Reset Signal                | Slice Load Count | Bel Load Count | Bels / Slice |
+----------------+--------------------------------------+------------------------------------------------+------------------+----------------+--------------+
|  clk_IBUF_BUFG |                                      |                                                |                4 |              4 |         1.00 |
|  clk_IBUF_BUFG | btnl_pulse/debouncer/E[0]            | hour_gen/hours[4]_i_1_n_0                      |                3 |              5 |         1.67 |
|  clk_IBUF_BUFG | btnl_pulse/state_reg[1]_0[0]         | alarm_hour_gen/hours[4]_i_1__0_n_0             |                2 |              5 |         2.50 |
|  clk_IBUF_BUFG | btnr_pulse/state_reg[1]_0[0]         | alarm_minute_gen/minutes[5]_i_1__0_n_0         |                2 |              6 |         3.00 |
|  clk_IBUF_BUFG | osc_1hz/E[0]                         | osc_1hz/SR[0]                                  |                2 |              6 |         3.00 |
|  clk_IBUF_BUFG | btnr_pulse/debouncer/E[0]            | minute_gen/minutes[5]_i_1_n_0                  |                2 |              6 |         3.00 |
|  clk_IBUF_BUFG | data_to_lcd/segment_state[7]_i_1_n_0 | btnl_pulse/debouncer/SR[0]                     |                2 |              8 |         4.00 |
|  clk_IBUF_BUFG |                                      | btnl_pulse/debouncer/delay_timer[0]_i_1_n_0    |                5 |             17 |         3.40 |
|  clk_IBUF_BUFG |                                      | btnr_pulse/debouncer/delay_timer[0]_i_1__0_n_0 |                5 |             17 |         3.40 |
|  clk_IBUF_BUFG |                                      | btnl_pulse/debouncer/SR[0]                     |                7 |             18 |         2.57 |
|  clk_IBUF_BUFG |                                      | alarm_period1                                  |               11 |             24 |         2.18 |
|  clk_IBUF_BUFG |                                      | btnl_pulse/debouncer/state_reg[0]              |                7 |             26 |         3.71 |
|  clk_IBUF_BUFG |                                      | btnr_pulse/debouncer/state_reg[0]              |                7 |             26 |         3.71 |
|  clk_IBUF_BUFG |                                      | osc_1hz/counter[0]_i_1_n_0                     |                7 |             27 |         3.86 |
|  clk_IBUF_BUFG |                                      | data_to_lcd/segment_counter[0]_i_1_n_0         |                8 |             32 |         4.00 |
+----------------+--------------------------------------+------------------------------------------------+------------------+----------------+--------------+


